INFO: [VRFC 10-2263] Analyzing Verilog file "D:/RedPitaya-FPGA/prj/quantum_control/project/redpitaya.sim/sim_1/impl/func/xsim/tb_tagger_extracted_func_impl.v" into library xil_defaultlib
INFO: [VRFC 10-311] analyzing module asg_dat_fifo
INFO: [VRFC 10-311] analyzing module asg_dat_fifo_HD2
INFO: [VRFC 10-311] analyzing module asg_dat_fifoxpm_cdc_gray
INFO: [VRFC 10-311] analyzing module asg_dat_fifoxpm_cdc_gray_HD8
INFO: [VRFC 10-311] analyzing module asg_dat_fifoxpm_cdc_gray__2
INFO: [VRFC 10-311] analyzing module asg_dat_fifoxpm_cdc_single
INFO: [VRFC 10-311] analyzing module asg_dat_fifoxpm_cdc_single__2
INFO: [VRFC 10-311] analyzing module asg_dat_fifoxpm_cdc_sync_rst
INFO: [VRFC 10-311] analyzing module asg_dat_fifoxpm_cdc_sync_rst__2
INFO: [VRFC 10-311] analyzing module axi4_slave
INFO: [VRFC 10-311] analyzing module axi_master
INFO: [VRFC 10-311] analyzing module axi_master__parameterized0
INFO: [VRFC 10-311] analyzing module axi_master__parameterized1
INFO: [VRFC 10-311] analyzing module axi_master__parameterized2
INFO: [VRFC 10-311] analyzing module axi_rd_burst
INFO: [VRFC 10-311] analyzing module axi_rd_burst__parameterized0
INFO: [VRFC 10-311] analyzing module axi_wr_fifo
INFO: [VRFC 10-311] analyzing module axi_wr_fifo_20
INFO: [VRFC 10-311] analyzing module div_add_sub_rad2
INFO: [VRFC 10-311] analyzing module div_add_sub_rad2_16
INFO: [VRFC 10-311] analyzing module div_add_sub_rad2_18
INFO: [VRFC 10-311] analyzing module div_add_sub_rad2_19
INFO: [VRFC 10-311] analyzing module divide
INFO: [VRFC 10-311] analyzing module divide_17
INFO: [VRFC 10-311] analyzing module freq_meter
INFO: [VRFC 10-311] analyzing module hydraharp_replica_top
INFO: [VRFC 10-311] analyzing module osc_filter
INFO: [VRFC 10-311] analyzing module osc_filter_13
INFO: [VRFC 10-311] analyzing module rand_lfsr
INFO: [VRFC 10-311] analyzing module rand_lfsr_24
INFO: [VRFC 10-311] analyzing module red_pitaya_ams
INFO: [VRFC 10-311] analyzing module red_pitaya_asg
INFO: [VRFC 10-311] analyzing module red_pitaya_asg_ch
INFO: [VRFC 10-311] analyzing module red_pitaya_asg_ch__parameterized0
INFO: [VRFC 10-311] analyzing module red_pitaya_daisy
INFO: [VRFC 10-311] analyzing module red_pitaya_daisy_rx
INFO: [VRFC 10-311] analyzing module red_pitaya_daisy_test
INFO: [VRFC 10-311] analyzing module red_pitaya_daisy_tx
INFO: [VRFC 10-311] analyzing module red_pitaya_hk
INFO: [VRFC 10-311] analyzing module red_pitaya_pdm
INFO: [VRFC 10-311] analyzing module red_pitaya_pid
INFO: [VRFC 10-311] analyzing module red_pitaya_pid_block
INFO: [VRFC 10-311] analyzing module red_pitaya_pid_block_21
INFO: [VRFC 10-311] analyzing module red_pitaya_pid_block_22
INFO: [VRFC 10-311] analyzing module red_pitaya_pid_block_23
INFO: [VRFC 10-311] analyzing module red_pitaya_pll
INFO: [VRFC 10-311] analyzing module red_pitaya_ps
INFO: [VRFC 10-311] analyzing module red_pitaya_top
INFO: [VRFC 10-311] analyzing module rp_acq_bram
INFO: [VRFC 10-311] analyzing module rp_acq_bram_7
INFO: [VRFC 10-311] analyzing module rp_adc_trig
INFO: [VRFC 10-311] analyzing module rp_adc_trig_8
INFO: [VRFC 10-311] analyzing module rp_asg_axi
INFO: [VRFC 10-311] analyzing module rp_asg_axi__parameterized0
INFO: [VRFC 10-311] analyzing module rp_axi_sm
INFO: [VRFC 10-311] analyzing module rp_axi_sm_9
INFO: [VRFC 10-311] analyzing module rp_bram_sm
INFO: [VRFC 10-311] analyzing module rp_bram_sm_10
INFO: [VRFC 10-311] analyzing module rp_decim
INFO: [VRFC 10-311] analyzing module rp_decim_12
INFO: [VRFC 10-311] analyzing module rp_delay
INFO: [VRFC 10-311] analyzing module rp_delay_14
INFO: [VRFC 10-311] analyzing module rp_ext_trig
INFO: [VRFC 10-311] analyzing module rp_scope_calib
INFO: [VRFC 10-311] analyzing module rp_scope_calib_11
INFO: [VRFC 10-311] analyzing module rp_scope_cfg
INFO: [VRFC 10-311] analyzing module rp_scope_com
INFO: [VRFC 10-311] analyzing module rp_trig_src
INFO: [VRFC 10-311] analyzing module rp_trig_src_15
INFO: [VRFC 10-311] analyzing module sync_fifo
INFO: [VRFC 10-311] analyzing module sync_fifo_HD32
INFO: [VRFC 10-311] analyzing module sync_fifoxpm_cdc_gray
INFO: [VRFC 10-311] analyzing module sync_fifoxpm_cdc_gray__2
INFO: [VRFC 10-311] analyzing module sync_fifoxpm_cdc_gray__2_HD39
INFO: [VRFC 10-311] analyzing module sync_fifoxpm_cdc_single
INFO: [VRFC 10-311] analyzing module sync_fifoxpm_cdc_single__2
INFO: [VRFC 10-311] analyzing module sync_fifoxpm_cdc_sync_rst
INFO: [VRFC 10-311] analyzing module sync_fifoxpm_cdc_sync_rst__2
INFO: [VRFC 10-311] analyzing module sys_bus_cdc
INFO: [VRFC 10-311] analyzing module sys_bus_cdc_0
INFO: [VRFC 10-311] analyzing module sys_bus_cdc_1
INFO: [VRFC 10-311] analyzing module sys_bus_cdc_2
INFO: [VRFC 10-311] analyzing module sys_bus_cdc_3
INFO: [VRFC 10-311] analyzing module sys_bus_cdc_4
INFO: [VRFC 10-311] analyzing module sys_bus_cdc_5
INFO: [VRFC 10-311] analyzing module sys_bus_cdc_6
INFO: [VRFC 10-311] analyzing module sys_bus_interconnect
INFO: [VRFC 10-311] analyzing module system
INFO: [VRFC 10-311] analyzing module system_axi_protocol_converter_0_0
INFO: [VRFC 10-311] analyzing module system_axi_protocol_converter_0_0_axi_protocol_converter_v2_1_21_axi_protocol_converter
INFO: [VRFC 10-311] analyzing module system_axi_protocol_converter_0_0_axi_protocol_converter_v2_1_21_b2s
INFO: [VRFC 10-311] analyzing module system_axi_protocol_converter_0_0_axi_protocol_converter_v2_1_21_b2s_ar_channel
INFO: [VRFC 10-311] analyzing module system_axi_protocol_converter_0_0_axi_protocol_converter_v2_1_21_b2s_aw_channel
INFO: [VRFC 10-311] analyzing module system_axi_protocol_converter_0_0_axi_protocol_converter_v2_1_21_b2s_b_channel
INFO: [VRFC 10-311] analyzing module system_axi_protocol_converter_0_0_axi_protocol_converter_v2_1_21_b2s_cmd_translator
INFO: [VRFC 10-311] analyzing module system_axi_protocol_converter_0_0_axi_protocol_converter_v2_1_21_b2s_cmd_translator_1
INFO: [VRFC 10-311] analyzing module system_axi_protocol_converter_0_0_axi_protocol_converter_v2_1_21_b2s_incr_cmd
INFO: [VRFC 10-311] analyzing module system_axi_protocol_converter_0_0_axi_protocol_converter_v2_1_21_b2s_incr_cmd_2
INFO: [VRFC 10-311] analyzing module system_axi_protocol_converter_0_0_axi_protocol_converter_v2_1_21_b2s_r_channel
INFO: [VRFC 10-311] analyzing module system_axi_protocol_converter_0_0_axi_protocol_converter_v2_1_21_b2s_rd_cmd_fsm
INFO: [VRFC 10-311] analyzing module system_axi_protocol_converter_0_0_axi_protocol_converter_v2_1_21_b2s_simple_fifo
INFO: [VRFC 10-311] analyzing module system_axi_protocol_converter_0_0_axi_protocol_converter_v2_1_21_b2s_simple_fifo__parameterized0
INFO: [VRFC 10-311] analyzing module system_axi_protocol_converter_0_0_axi_protocol_converter_v2_1_21_b2s_simple_fifo__parameterized1
INFO: [VRFC 10-311] analyzing module system_axi_protocol_converter_0_0_axi_protocol_converter_v2_1_21_b2s_simple_fifo__parameterized2
INFO: [VRFC 10-311] analyzing module system_axi_protocol_converter_0_0_axi_protocol_converter_v2_1_21_b2s_wr_cmd_fsm
INFO: [VRFC 10-311] analyzing module system_axi_protocol_converter_0_0_axi_protocol_converter_v2_1_21_b2s_wrap_cmd
INFO: [VRFC 10-311] analyzing module system_axi_protocol_converter_0_0_axi_protocol_converter_v2_1_21_b2s_wrap_cmd_3
INFO: [VRFC 10-311] analyzing module system_axi_protocol_converter_0_0_axi_register_slice_v2_1_21_axi_register_slice
INFO: [VRFC 10-311] analyzing module system_axi_protocol_converter_0_0_axi_register_slice_v2_1_21_axic_register_slice
INFO: [VRFC 10-311] analyzing module system_axi_protocol_converter_0_0_axi_register_slice_v2_1_21_axic_register_slice_0
INFO: [VRFC 10-311] analyzing module system_axi_protocol_converter_0_0_axi_register_slice_v2_1_21_axic_register_slice__parameterized1
INFO: [VRFC 10-311] analyzing module system_axi_protocol_converter_0_0_axi_register_slice_v2_1_21_axic_register_slice__parameterized2
INFO: [VRFC 10-311] analyzing module system_axi_register_slice_0_0
INFO: [VRFC 10-311] analyzing module system_axi_register_slice_0_0_axi_register_slice_v2_1_21_axi_register_slice
INFO: [VRFC 10-311] analyzing module system_axi_register_slice_0_0_axi_register_slice_v2_1_21_axic_register_slice
INFO: [VRFC 10-311] analyzing module system_axi_register_slice_0_0_axi_register_slice_v2_1_21_axic_register_slice_0
INFO: [VRFC 10-311] analyzing module system_axi_register_slice_0_0_axi_register_slice_v2_1_21_axic_register_slice__parameterized0
INFO: [VRFC 10-311] analyzing module system_axi_register_slice_0_0_axi_register_slice_v2_1_21_axic_register_slice__parameterized1
INFO: [VRFC 10-311] analyzing module system_axi_register_slice_0_0_axi_register_slice_v2_1_21_axic_register_slice__parameterized2
INFO: [VRFC 10-311] analyzing module system_proc_sys_reset_0
INFO: [VRFC 10-311] analyzing module system_proc_sys_reset_0_cdc_sync
INFO: [VRFC 10-311] analyzing module system_proc_sys_reset_0_cdc_sync_0
INFO: [VRFC 10-311] analyzing module system_proc_sys_reset_0_lpf
INFO: [VRFC 10-311] analyzing module system_proc_sys_reset_0_proc_sys_reset
INFO: [VRFC 10-311] analyzing module system_proc_sys_reset_0_sequence_psr
INFO: [VRFC 10-311] analyzing module system_proc_sys_reset_0_upcnt_n
INFO: [VRFC 10-311] analyzing module system_processing_system7_0
INFO: [VRFC 10-311] analyzing module system_processing_system7_0_processing_system7_v5_5_processing_system7
INFO: [VRFC 10-311] analyzing module system_xadc_0
INFO: [VRFC 10-311] analyzing module system_xadc_0_system_xadc_0_address_decoder
INFO: [VRFC 10-311] analyzing module system_xadc_0_system_xadc_0_axi_lite_ipif
INFO: [VRFC 10-311] analyzing module system_xadc_0_system_xadc_0_axi_xadc
INFO: [VRFC 10-311] analyzing module system_xadc_0_system_xadc_0_interrupt_control
INFO: [VRFC 10-311] analyzing module system_xadc_0_system_xadc_0_slave_attachment
INFO: [VRFC 10-311] analyzing module system_xadc_0_system_xadc_0_soft_reset
INFO: [VRFC 10-311] analyzing module system_xadc_0_system_xadc_0_xadc_core_drp
INFO: [VRFC 10-311] analyzing module asg_dat_fifoblk_mem_gen_generic_cstr
INFO: [VRFC 10-311] analyzing module asg_dat_fifoblk_mem_gen_generic_cstr_HD21
INFO: [VRFC 10-311] analyzing module asg_dat_fifoblk_mem_gen_prim_width
INFO: [VRFC 10-311] analyzing module asg_dat_fifoblk_mem_gen_prim_width_HD22
INFO: [VRFC 10-311] analyzing module asg_dat_fifoblk_mem_gen_prim_width__parameterized0
INFO: [VRFC 10-311] analyzing module asg_dat_fifoblk_mem_gen_prim_width__parameterized0_HD24
INFO: [VRFC 10-311] analyzing module asg_dat_fifoblk_mem_gen_prim_wrapper
INFO: [VRFC 10-311] analyzing module asg_dat_fifoblk_mem_gen_prim_wrapper_HD23
INFO: [VRFC 10-311] analyzing module asg_dat_fifoblk_mem_gen_prim_wrapper__parameterized0
INFO: [VRFC 10-311] analyzing module asg_dat_fifoblk_mem_gen_prim_wrapper__parameterized0_HD25
INFO: [VRFC 10-311] analyzing module asg_dat_fifoblk_mem_gen_top
INFO: [VRFC 10-311] analyzing module asg_dat_fifoblk_mem_gen_top_HD20
INFO: [VRFC 10-311] analyzing module asg_dat_fifoblk_mem_gen_v8_4_4
INFO: [VRFC 10-311] analyzing module asg_dat_fifoblk_mem_gen_v8_4_4_HD18
INFO: [VRFC 10-311] analyzing module asg_dat_fifoblk_mem_gen_v8_4_4_synth
INFO: [VRFC 10-311] analyzing module asg_dat_fifoblk_mem_gen_v8_4_4_synth_HD19
INFO: [VRFC 10-311] analyzing module asg_dat_fifoclk_x_pntrs
INFO: [VRFC 10-311] analyzing module asg_dat_fifoclk_x_pntrs_HD7
INFO: [VRFC 10-311] analyzing module asg_dat_fifofifo_generator_ramfifo
INFO: [VRFC 10-311] analyzing module asg_dat_fifofifo_generator_ramfifo_HD6
INFO: [VRFC 10-311] analyzing module asg_dat_fifofifo_generator_top
INFO: [VRFC 10-311] analyzing module asg_dat_fifofifo_generator_top_HD5
INFO: [VRFC 10-311] analyzing module asg_dat_fifofifo_generator_v13_2_5
INFO: [VRFC 10-311] analyzing module asg_dat_fifofifo_generator_v13_2_5_HD3
INFO: [VRFC 10-311] analyzing module asg_dat_fifofifo_generator_v13_2_5_synth
INFO: [VRFC 10-311] analyzing module asg_dat_fifofifo_generator_v13_2_5_synth_HD4
INFO: [VRFC 10-311] analyzing module asg_dat_fifomemory
INFO: [VRFC 10-311] analyzing module asg_dat_fifomemory_HD17
INFO: [VRFC 10-311] analyzing module asg_dat_fiford_bin_cntr
INFO: [VRFC 10-311] analyzing module asg_dat_fiford_bin_cntr_HD13
INFO: [VRFC 10-311] analyzing module asg_dat_fiford_dc_as
INFO: [VRFC 10-311] analyzing module asg_dat_fiford_dc_as_HD11
INFO: [VRFC 10-311] analyzing module asg_dat_fiford_logic
INFO: [VRFC 10-311] analyzing module asg_dat_fiford_logic_HD10
INFO: [VRFC 10-311] analyzing module asg_dat_fiford_status_flags_as
INFO: [VRFC 10-311] analyzing module asg_dat_fiforeset_blk_ramfifo
INFO: [VRFC 10-311] analyzing module asg_dat_fiforeset_blk_ramfifo_HD26
INFO: [VRFC 10-311] analyzing module asg_dat_fifowr_bin_cntr
INFO: [VRFC 10-311] analyzing module asg_dat_fifowr_bin_cntr_HD16
INFO: [VRFC 10-311] analyzing module asg_dat_fifowr_logic
INFO: [VRFC 10-311] analyzing module asg_dat_fifowr_logic_HD14
INFO: [VRFC 10-311] analyzing module asg_dat_fifowr_status_flags_as
INFO: [VRFC 10-311] analyzing module asg_dat_fifowr_status_flags_as_HD15
INFO: [VRFC 10-311] analyzing module sync_fifoblk_mem_gen_generic_cstr
INFO: [VRFC 10-311] analyzing module sync_fifoblk_mem_gen_generic_cstr_HD50
INFO: [VRFC 10-311] analyzing module sync_fifoblk_mem_gen_prim_width
INFO: [VRFC 10-311] analyzing module sync_fifoblk_mem_gen_prim_width_HD51
INFO: [VRFC 10-311] analyzing module sync_fifoblk_mem_gen_prim_width__parameterized0
INFO: [VRFC 10-311] analyzing module sync_fifoblk_mem_gen_prim_width__parameterized0_HD53
INFO: [VRFC 10-311] analyzing module sync_fifoblk_mem_gen_prim_wrapper
INFO: [VRFC 10-311] analyzing module sync_fifoblk_mem_gen_prim_wrapper_HD52
INFO: [VRFC 10-311] analyzing module sync_fifoblk_mem_gen_top
INFO: [VRFC 10-311] analyzing module sync_fifoblk_mem_gen_top_HD49
INFO: [VRFC 10-311] analyzing module sync_fifoblk_mem_gen_v8_4_4
INFO: [VRFC 10-311] analyzing module sync_fifoblk_mem_gen_v8_4_4_HD47
INFO: [VRFC 10-311] analyzing module sync_fifoblk_mem_gen_v8_4_4_synth
INFO: [VRFC 10-311] analyzing module sync_fifoblk_mem_gen_v8_4_4_synth_HD48
INFO: [VRFC 10-311] analyzing module sync_fifoclk_x_pntrs
INFO: [VRFC 10-311] analyzing module sync_fifoclk_x_pntrs_HD37
INFO: [VRFC 10-311] analyzing module sync_fifofifo_generator_ramfifo
INFO: [VRFC 10-311] analyzing module sync_fifofifo_generator_ramfifo_HD36
INFO: [VRFC 10-311] analyzing module sync_fifofifo_generator_top
INFO: [VRFC 10-311] analyzing module sync_fifofifo_generator_top_HD35
INFO: [VRFC 10-311] analyzing module sync_fifofifo_generator_v13_2_5
INFO: [VRFC 10-311] analyzing module sync_fifofifo_generator_v13_2_5_HD33
INFO: [VRFC 10-311] analyzing module sync_fifofifo_generator_v13_2_5_synth
INFO: [VRFC 10-311] analyzing module sync_fifofifo_generator_v13_2_5_synth_HD34
INFO: [VRFC 10-311] analyzing module sync_fifomemory
INFO: [VRFC 10-311] analyzing module sync_fifomemory_HD46
INFO: [VRFC 10-311] analyzing module sync_fiford_bin_cntr
INFO: [VRFC 10-311] analyzing module sync_fiford_bin_cntr_HD42
INFO: [VRFC 10-311] analyzing module sync_fiford_logic
INFO: [VRFC 10-311] analyzing module sync_fiford_logic_HD40
INFO: [VRFC 10-311] analyzing module sync_fiford_status_flags_as
INFO: [VRFC 10-311] analyzing module sync_fiforeset_blk_ramfifo
INFO: [VRFC 10-311] analyzing module sync_fiforeset_blk_ramfifo_HD55
INFO: [VRFC 10-311] analyzing module sync_fifowr_bin_cntr
INFO: [VRFC 10-311] analyzing module sync_fifowr_bin_cntr_HD45
INFO: [VRFC 10-311] analyzing module sync_fifowr_logic
INFO: [VRFC 10-311] analyzing module sync_fifowr_logic_HD43
INFO: [VRFC 10-311] analyzing module sync_fifowr_status_flags_as
INFO: [VRFC 10-311] analyzing module glbl
INFO: [VRFC 10-2263] Analyzing Verilog file "D:/RedPitaya-FPGA/prj/quantum_control/rtl/tdl_tdc.v" into library xil_defaultlib
INFO: [VRFC 10-311] analyzing module hydraharp_replica_top
WARNING: [VRFC 10-3609] overwriting previous definition of module 'hydraharp_replica_top' [D:/RedPitaya-FPGA/prj/quantum_control/rtl/tdl_tdc.v:3]
INFO: [VRFC 10-2263] Analyzing Verilog file "D:/RedPitaya-FPGA/prj/quantum_control/project/redpitaya.srcs/sim_1/new/tb_tagger_extracted.v" into library xil_defaultlib
INFO: [VRFC 10-311] analyzing module tb_tagger_extracted
